../Core/Src/main.c:137:5:main	8	static
../Core/Src/main.c:245:6:SystemClock_Config	88	static
../Core/Src/main.c:292:13:MX_TIM1_Init	120	static
../Core/Src/main.c:374:13:MX_TIM2_Init	64	static
../Core/Src/main.c:433:13:MX_USART1_UART_Init	8	static
../Core/Src/main.c:479:13:MX_DMA_Init	16	static
../Core/Src/main.c:501:13:MX_GPIO_Init	40	static
../Core/Src/main.c:555:6:StartDefaultTask	16	static
../Core/Src/main.c:573:6:StartSafetyTask	16	static
../Core/Src/main.c:592:6:StartMotionTask	16	static
../Core/Src/main.c:617:6:StartControlTask	16	static
../Core/Src/main.c:637:6:StartCommTask	144	static
../Core/Src/main.c:673:6:HAL_TIM_PeriodElapsedCallback	16	static
../Core/Src/main.c:691:6:Error_Handler	4	static,ignoring_inline_asm
