../Core/Src/protocol_extruder.c:34:13:send_line	16	static
../Core/Src/protocol_extruder.c:43:13:send_ok	8	static
../Core/Src/protocol_extruder.c:49:13:send_err	8	static
../Core/Src/protocol_extruder.c:55:13:starts_with	16	static
../Core/Src/protocol_extruder.c:66:13:parse_float_after_prefix	32	static
../Core/Src/protocol_extruder.c:107:6:ProtocolExtruder_Init	16	static
../Core/Src/protocol_extruder.c:113:6:ProtocolExtruder_SendStatus	176	static
../Core/Src/protocol_extruder.c:133:6:ProtocolExtruder_ProcessLine	24	static
