../Core/Src/wrapper_fsm.c:23:6:WinderFSM_Init	8	static
../Core/Src/wrapper_fsm.c:36:6:WinderFSM_Update	8	static
../Core/Src/wrapper_fsm.c:64:6:WinderFSM_CommandHome	4	static
../Core/Src/wrapper_fsm.c:70:6:WinderFSM_CommandRun	4	static
../Core/Src/wrapper_fsm.c:75:6:WinderFSM_CommandStop	4	static
../Core/Src/wrapper_fsm.c:80:6:WinderFSM_CommandReset	4	static
../Core/Src/wrapper_fsm.c:85:6:WinderFSM_SetInitOk	16	static
../Core/Src/wrapper_fsm.c:90:6:WinderFSM_SetHomeOk	16	static
../Core/Src/wrapper_fsm.c:95:9:WinderFSM_GetState	4	static
../Core/Src/wrapper_fsm.c:100:6:WinderFSM_IsGuideEnabled	4	static
../Core/Src/wrapper_fsm.c:105:6:WinderFSM_IsWinderEnabled	4	static
../Core/Src/wrapper_fsm.c:110:6:WinderFSM_IsAlarmActive	4	static
