../Core/Src/main.c:178:5:main	8	static
../Core/Src/main.c:304:6:SystemClock_Config	88	static
../Core/Src/main.c:351:13:MX_I2C3_Init	8	static
../Core/Src/main.c:399:13:MX_SPI1_Init	8	static
../Core/Src/main.c:439:13:MX_TIM2_Init	64	static
../Core/Src/main.c:498:13:MX_TIM4_Init	56	static
../Core/Src/main.c:556:13:MX_TIM7_Init	24	static
../Core/Src/main.c:594:13:MX_USART1_UART_Init	8	static
../Core/Src/main.c:642:13:MX_USART2_UART_Init	8	static
../Core/Src/main.c:688:13:MX_DMA_Init	16	static
../Core/Src/main.c:716:13:MX_GPIO_Init	40	static
../Core/Src/main.c:777:6:StartDefaultTask	16	static
../Core/Src/main.c:795:6:StartSafetyTask	16	static
../Core/Src/main.c:814:6:StartControlTask	16	static
../Core/Src/main.c:834:6:StartMotionTask	16	static
../Core/Src/main.c:854:6:StartCommTask	160	static
../Core/Src/main.c:912:6:StartThermalTask	16	static
../Core/Src/main.c:932:6:StartDisplayTask	16	static
../Core/Src/main.c:951:6:HAL_TIM_PeriodElapsedCallback	16	static
../Core/Src/main.c:969:6:Error_Handler	4	static,ignoring_inline_asm
