../Core/Src/protocol_hmi.c:34:13:send_line	16	static
../Core/Src/protocol_hmi.c:43:13:send_ok	8	static
../Core/Src/protocol_hmi.c:49:13:send_err	8	static
../Core/Src/protocol_hmi.c:55:13:starts_with	16	static
../Core/Src/protocol_hmi.c:66:13:parse_float_after_prefix	32	static
../Core/Src/protocol_hmi.c:107:6:ProtocolHMI_Init	16	static
../Core/Src/protocol_hmi.c:117:6:ProtocolHMI_SendRawLine	16	static
../Core/Src/protocol_hmi.c:123:6:ProtocolHMI_SendState	240	static
../Core/Src/protocol_hmi.c:144:6:ProtocolHMI_SendTelemetry	448	static
../Core/Src/protocol_hmi.c:182:6:ProtocolHMI_ProcessLine	24	static
